--- INICIANDO LIGACAO ---
Arquivo de Saida: executavel/area.exe
Arquivo de Mapa: executavel/area.map
Arquivos de Entrada:
  - executavel/modulo_a.obj
  - executavel/modulo_b.obj
  - executavel/modulo_c.obj

Iniciando Passagem 1 (Construcao da Tabela Global de Simbolos)...

Verificando simbolos externos (Tabela de Usos)...

--- Tabela Global de Simbolos (FINAL) ---
Simbolo: AREA, Endereco: 94
Simbolo: INICIO_B, Endereco: 21
Simbolo: INICIO_C, Endereco: 28
Simbolo: L1, Endereco: 25
Simbolo: L2, Endereco: 26
Simbolo: L3, Endereco: 27
Simbolo: NUM1, Endereco: 15
Simbolo: NUM2, Endereco: 17
Simbolo: NUM3, Endereco: 19
Simbolo: PONTO_FINAL, Endereco: 14
-------------------------------------------

Iniciando Passagem 2 (Relocacao e Geracao de Codigo)...
  > Etapa 2a: Unindo codigo...
  > Etapa 2b: Aplicando relocacao...
    > Relocado simbolo 'INICIO_C' no endereco 13. (Valor adicionado: 28)
    > Relocado simbolo 'AREA' no endereco 22. (Valor adicionado: 94)
    > Relocado simbolo 'PONTO_FINAL' no endereco 24. (Valor adicionado: 14)
    > Relocado simbolo 'NUM1' no endereco 29. (Valor adicionado: 15)
    > Relocado simbolo 'NUM2' no endereco 31. (Valor adicionado: 17)
    > Relocado simbolo 'NUM1' no endereco 35. (Valor adicionado: 15)
    > Relocado simbolo 'NUM2' no endereco 37. (Valor adicionado: 17)
    > Relocado simbolo 'L1' no endereco 45. (Valor adicionado: 25)
    > Relocado simbolo 'NUM2' no endereco 47. (Valor adicionado: 17)
    > Relocado simbolo 'NUM3' no endereco 49. (Valor adicionado: 19)
    > Relocado simbolo 'NUM2' no endereco 53. (Valor adicionado: 17)
    > Relocado simbolo 'NUM3' no endereco 55. (Valor adicionado: 19)
    > Relocado simbolo 'L2' no endereco 63. (Valor adicionado: 26)
    > Relocado simbolo 'NUM3' no endereco 65. (Valor adicionado: 19)
    > Relocado simbolo 'NUM1' no endereco 67. (Valor adicionado: 15)
    > Relocado simbolo 'NUM3' no endereco 71. (Valor adicionado: 19)
    > Relocado simbolo 'NUM1' no endereco 73. (Valor adicionado: 15)
    > Relocado simbolo 'L3' no endereco 81. (Valor adicionado: 27)
    > Relocado simbolo 'L1' no endereco 83. (Valor adicionado: 25)
    > Relocado simbolo 'L2' no endereco 85. (Valor adicionado: 26)
    > Relocado simbolo 'L3' no endereco 87. (Valor adicionado: 27)
    > Relocado simbolo 'INICIO_B' no endereco 93. (Valor adicionado: 21)

Gerando arquivo de saida: executavel/area.exe

Ligacao concluida com sucesso!
